// Jest Snapshot v1, https://goo.gl/fbAQLP

exports[`createRichTextEditor calls onChange with the updated state 1`] = `
{
  "doc": {
    "content": [
      {
        "content": [
          {
            "text": "Prepended content. Example content",
            "type": "text",
          },
        ],
        "type": "paragraph",
      },
    ],
    "type": "doc",
  },
  "selection": {
    "anchor": 20,
    "head": 20,
    "type": "text",
  },
}
`;
