// Jest Snapshot v1, https://goo.gl/fbAQLP

exports[`The basic notification renders correctly 1`] = `
<div
  class="notification affirmative global hidden"
  style="margin-top: 0px;"
>
  <div
    class="icon"
  >
    <svg
      aria-hidden="true"
      aria-labelledby="80284680-3304-5869-9788-7428e6c6ee86"
      class="icon inheritSize"
      focusable="false"
      role="presentation"
      viewBox="0 0 0 0"
    >
      <use
        xlink:href="#my-svg"
      />
    </svg>
  </div>
  <div
    class="textContainer"
  >
    <p
      class="text"
    >
      This is my positive notification
    </p>
  </div>
  <button
    class="cancel"
    type="button"
  >
    <span
      class="cancelInner"
    >
      <svg
        aria-hidden="false"
        aria-labelledby="faffea72-0fc0-5bc3-8038-936bd9f22ca8"
        class="icon"
        focusable="false"
        role="img"
        viewBox="0 0 0 0"
      >
        <title
          id="faffea72-0fc0-5bc3-8038-936bd9f22ca8"
        >
          close notification
        </title>
        <use
          xlink:href="#my-svg"
        />
      </svg>
    </span>
  </button>
</div>
`;

exports[`You can change the type 1`] = `
<div
  class="notification informative global hidden"
  style="margin-top: 0px;"
>
  <div
    class="icon"
  >
    <svg
      aria-hidden="true"
      aria-labelledby="80284680-3304-5869-9788-7428e6c6ee86"
      class="icon inheritSize"
      focusable="false"
      role="presentation"
      viewBox="0 0 0 0"
    >
      <use
        xlink:href="#my-svg"
      />
    </svg>
  </div>
  <div
    class="textContainer"
  >
    <p
      class="text"
    >
      This is my 
      <em>
        informational
      </em>
       notification
    </p>
  </div>
  <button
    class="cancel"
    type="button"
  >
    <span
      class="cancelInner"
    >
      <svg
        aria-hidden="false"
        aria-labelledby="faffea72-0fc0-5bc3-8038-936bd9f22ca8"
        class="icon"
        focusable="false"
        role="img"
        viewBox="0 0 0 0"
      >
        <title
          id="faffea72-0fc0-5bc3-8038-936bd9f22ca8"
        >
          close notification
        </title>
        <use
          xlink:href="#my-svg"
        />
      </svg>
    </span>
  </button>
</div>
`;
