// Jest Snapshot v1, https://goo.gl/fbAQLP

exports[`<InlineNotification /> renders a basic notification correctly 1`] = `
<div
  class="notification cautionary inline hidden"
  data-automation-class="generic-notification cautionary inline"
  style="margin-top: 0px;"
>
  <div
    class="icon"
  >
    <svg
      aria-hidden="true"
      class="icon inheritSize"
      focusable="false"
      role="presentation"
    >
      <use
        xlink:href="#undefined"
      />
    </svg>
  </div>
  <div
    class="textContainer"
  >
    <div
      class="heading heading-6 notificationTitle dark small"
    >
      Warning
    </div>
    <div
      class="text"
    >
      Something has gone wrong
    </div>
  </div>
  <button
    class="cancel"
    data-testid="close-button"
    type="button"
  >
    <svg
      aria-label="close notification"
      class="icon"
      focusable="false"
      role="img"
    >
      <use
        xlink:href="#undefined"
      />
    </svg>
  </button>
</div>
`;

exports[`<InlineNotification /> renders a persistent notifications 1`] = `
<div
  class="notification negative inline hidden"
  data-automation-class="generic-notification negative inline"
  style="margin-top: 0px;"
>
  <div
    class="icon"
  >
    <svg
      aria-hidden="true"
      class="icon inheritSize"
      focusable="false"
      role="presentation"
    >
      <use
        xlink:href="#undefined"
      />
    </svg>
  </div>
  <div
    class="textContainer"
  >
    <div
      class="heading heading-6 notificationTitle dark small"
    >
      Error
    </div>
    <div
      class="text"
    >
      Something has gone wrong
    </div>
  </div>
</div>
`;
