// Jest Snapshot v1, https://goo.gl/fbAQLP

exports[`Dropdown renders control action dropdown 1`] = `
<div
  class="dropdown"
>
  <button
    class="dropdownButton dropdownControlAction"
  >
    <span
      class="dropdownIcon"
    >
      <svg
        class="icon"
        focusable="false"
        role="img"
        viewBox="0 0 20 20"
      >
        <title>
          Open menu
        </title>
        <use
          xlink:href="#my-icon"
        />
      </svg>
    </span>
    <span
      class="dropdownLabel"
    >
      add
    </span>
    <span
      class="chevronIcon"
    >
      <svg
        class="icon"
        focusable="false"
        role="img"
      >
        <title>
          Open menu
        </title>
        <use
          xlink:href="#undefined"
        />
      </svg>
    </span>
  </button>
</div>
`;

exports[`Dropdown renders default view 1`] = `
<div
  class="dropdown"
>
  <button
    class="dropdownButton"
  >
    <span
      class="dropdownIcon"
    >
      <svg
        class="icon"
        focusable="false"
        role="img"
      >
        <title>
          Open menu
        </title>
        <use
          xlink:href="#undefined"
        />
      </svg>
    </span>
  </button>
</div>
`;

exports[`Dropdown renders drop down with icon 1`] = `
<div
  class="dropdown"
>
  <button
    class="dropdownButton"
  >
    <span
      class="dropdownIcon"
    >
      <svg
        class="icon"
        focusable="false"
        role="img"
        viewBox="0 0 20 20"
      >
        <title>
          Open menu
        </title>
        <use
          xlink:href="#my-icon"
        />
      </svg>
    </span>
  </button>
</div>
`;

exports[`Dropdown renders drop down with icon and label 1`] = `
<div
  class="dropdown"
>
  <button
    class="dropdownButton"
  >
    <span
      class="dropdownIcon"
    >
      <svg
        class="icon"
        focusable="false"
        role="img"
        viewBox="0 0 20 20"
      >
        <title>
          Open menu
        </title>
        <use
          xlink:href="#my-icon"
        />
      </svg>
    </span>
    <span
      class="dropdownLabel"
    >
      add
    </span>
  </button>
</div>
`;

exports[`Dropdown renders drop down with only label 1`] = `
<div
  class="dropdown"
>
  <button
    class="dropdownButton"
  >
    <span
      class="dropdownLabel"
    >
      add
    </span>
  </button>
</div>
`;

exports[`Dropdown renders reversed color control action dropdown 1`] = `
<div
  class="dropdown"
>
  <button
    class="dropdownButton dropdownControlAction reversedColor"
  >
    <span
      class="dropdownIcon"
    >
      <svg
        class="icon"
        focusable="false"
        role="img"
        viewBox="0 0 20 20"
      >
        <title>
          Open menu
        </title>
        <use
          xlink:href="#my-icon"
        />
      </svg>
    </span>
    <span
      class="dropdownLabel"
    >
      add
    </span>
    <span
      class="chevronIcon"
    >
      <svg
        class="icon"
        focusable="false"
        role="img"
      >
        <title>
          Open menu
        </title>
        <use
          xlink:href="#undefined"
        />
      </svg>
    </span>
  </button>
</div>
`;
