// Jest Snapshot v1, https://goo.gl/fbAQLP

exports[`<BrandMoment /> matches the snapshot 1`] = `
<div>
  <div
    class="body negative"
  >
    <header
      class="header"
    />
    <main
      class="main"
    >
      <div
        class="container"
      >
        <div
          class="mainInner"
        >
          <div
            class="left"
          >
            <div
              class="leftInner"
            >
              <figure
                class="figure"
              >
                <video
                  aria-hidden="true"
                  autoplay=""
                  class="wrapper"
                  data-testid="kz-video-player"
                  loop=""
                  muted=""
                  playsinline=""
                  poster="https://d1e7r7b0lb8p4d.cloudfront.net/illustrations/heart/scene/brand-moments-error.png"
                  preload="metadata"
                  tabindex="-1"
                  width="100%"
                >
                  <source
                    src="https://d1e7r7b0lb8p4d.cloudfront.net/illustrations/heart/scene/brand-moments-error.mp4"
                    type="video/mp4"
                  />
                </video>
                <span
                  aria-live="polite"
                  class="container"
                >
                  <button
                    aria-label="Pause animation"
                    class="button default iconButton pausePlayButton"
                    type="button"
                  >
                    <span
                      class="content"
                    >
                      <span
                        class="iconWrapper"
                      >
                        <svg
                          aria-hidden="true"
                          class="icon"
                          focusable="false"
                          role="presentation"
                        >
                          <use
                            xlink:href="#undefined"
                          />
                        </svg>
                      </span>
                    </span>
                  </button>
                </span>
              </figure>
            </div>
          </div>
          <div
            class="right"
          >
            <div
              class="rightInner"
            >
              <div
                class="p-0 mb-1-point-5"
              >
                <h1
                  class="heading display-0 dark large"
                >
                  Sorry but we can’t find the page you’re looking for.
                </h1>
              </div>
              <div
                class="p-0 mb-1-point-5"
              >
                <div
                  class="p-0 mb-1-point-75"
                >
                  <p
                    class="paragraph intro-lede dark"
                  >
                    This page cannot be found
                  </p>
                </div>
                <p
                  class="paragraph small dark-reduced-opacity"
                >
                  Error code 404
                </p>
              </div>
              <div
                class="actions"
              >
                <span
                  aria-live="polite"
                  class="container"
                >
                  <a
                    class="button primary"
                    href="/app/home"
                    target="_self"
                  >
                    <span
                      class="content"
                    >
                      <span
                        class="label"
                      >
                        Go to Home
                      </span>
                    </span>
                  </a>
                </span>
                <div
                  class="secondaryAction"
                >
                  <span
                    aria-live="polite"
                    class="container"
                  >
                    <a
                      class="button secondary"
                      href="mailto:info@cultureamp.com"
                      target="_self"
                    >
                      <span
                        class="content"
                      >
                        <span
                          class="label"
                        >
                          Contact support
                        </span>
                      </span>
                    </a>
                  </span>
                </div>
              </div>
            </div>
          </div>
        </div>
      </div>
    </main>
  </div>
</div>
`;
